
> visualize-it@0.1.0 build
> next build

Γû▓ Next.js 16.1.6 (Turbopack)
- Environments: .env.local

  Creating an optimized production build ...
node.exe : 
At line:1 char:1
+ & "C:\Program 
Files\nodejs/node.exe" "C:\Us
ers\kusha\AppData\Roaming\ 
...
+ ~~~~~~~~~~~~~~~~~~~~~~~~~~~
~~~~~~~~~~~~~~~~~~~~~~~~~~~~~
~~~~~~~~~~~~~
    + CategoryInfo           
   : NotSpecified: (:String  
  ) [], RemoteException
    + FullyQualifiedErrorId  
   : NativeCommandError
 
> Build error occurred
Error: Turbopack build 
failed with 3 errors:
./Desktop/FINAL YEAR PROJECT/
VisualizeIT_NextJs/visualize-
it/src/lib/auth.ts:1:1
Module not found: Can't 
resolve 'next-auth'
[0m[31m[1m>[22m[39m[90m
 1 |[39m [36mimport[39m [
33mNextAuth[39m[33m,[39m 
{ type 
[33mDefaultSession[39m } 
[36mfrom[39m 
[32m"next-auth"[39m
 [90m   |[39m [31m[1m^[2
2m[39m[31m[1m^[22m[39m[
31m[1m^[22m[39m[31m[1m^
[22m[39m[31m[1m^[22m[39m
[31m[1m^[22m[39m[31m[1m
^[22m[39m[31m[1m^[22m[3
9m[31m[1m^[22m[39m[31m[
1m^[22m[39m[31m[1m^[22m
[39m[31m[1m^[22m[39m[31m
[1m^[22m[39m[31m[1m^[22
m[39m[31m[1m^[22m[39m[3
1m[1m^[22m[39m[31m[1m^[
22m[39m[31m[1m^[22m[39m
[31m[1m^[22m[39m[31m[1m^
[22m[39m[31m[1m^[22m[39
m[31m[1m^[22m[39m[31m[1
m^[22m[39m[31m[1m^[22m[
39m[31m[1m^[22m[39m[31m
[1m^[22m[39m[31m[1m^[22m
[39m[31m[1m^[22m[39m[31
m[1m^[22m[39m[31m[1m^[2
2m[39m[31m[1m^[22m[39m[
31m[1m^[22m[39m[31m[1m^
[22m[39m[31m[1m^[22m[39m
[31m[1m^[22m[39m[31m[1m
^[22m[39m[31m[1m^[22m[3
9m[31m[1m^[22m[39m[31m[
1m^[22m[39m[31m[1m^[22m
[39m[31m[1m^[22m[39m[31m
[1m^[22m[39m[31m[1m^[22
m[39m[31m[1m^[22m[39m[3
1m[1m^[22m[39m[31m[1m^[
22m[39m[31m[1m^[22m[39m
[31m[1m^[22m[39m[31m[1m^
[22m[39m[31m[1m^[22m[39
m[31m[1m^[22m[39m[31m[1
m^[22m[39m[31m[1m^[22m[
39m[31m[1m^[22m[39m[31m
[1m^[22m[39m[31m[1m^[22m
[39m[31m[1m^[22m[39m
 [90m 2 |[39m 
[36mimport[39m { 
[33mSupabaseAdapter[39m } 
[36mfrom[39m [32m"@auth/su
pabase-adapter"[39m
 [90m 3 |[39m 
[36mimport[39m { 
authConfig } [36mfrom[39m 
[32m"./auth.config"[39m
 [90m 4 |[39m[0m



Import traces:
  App Route:
    ./Desktop/FINAL YEAR PROJ
ECT/VisualizeIT_NextJs/visual
ize-it/src/lib/auth.ts
    ./Desktop/FINAL YEAR PROJ
ECT/VisualizeIT_NextJs/visual
ize-it/src/app/api/auth/[...n
extauth]/route.ts

  Server Component:
    ./Desktop/FINAL YEAR PROJ
ECT/VisualizeIT_NextJs/visual
ize-it/src/lib/auth.ts
    ./Desktop/FINAL YEAR PROJ
ECT/VisualizeIT_NextJs/visual
ize-it/src/app/dashboard/page
.tsx

https://nextjs.org/docs/messa
ges/module-not-found


./Desktop/FINAL YEAR PROJECT/
VisualizeIT_NextJs/visualize-
it/src/proxy.ts:1:1
Module not found: Can't 
resolve 'next-auth'
[0m[31m[1m>[22m[39m[90m
 1 |[39m [36mimport[39m 
[33mNextAuth[39m 
[36mfrom[39m 
[32m"next-auth"[39m
 [90m   |[39m [31m[1m^[2
2m[39m[31m[1m^[22m[39m[
31m[1m^[22m[39m[31m[1m^
[22m[39m[31m[1m^[22m[39m
[31m[1m^[22m[39m[31m[1m
^[22m[39m[31m[1m^[22m[3
9m[31m[1m^[22m[39m[31m[
1m^[22m[39m[31m[1m^[22m
[39m[31m[1m^[22m[39m[31m
[1m^[22m[39m[31m[1m^[22
m[39m[31m[1m^[22m[39m[3
1m[1m^[22m[39m[31m[1m^[
22m[39m[31m[1m^[22m[39m
[31m[1m^[22m[39m[31m[1m^
[22m[39m[31m[1m^[22m[39
m[31m[1m^[22m[39m[31m[1
m^[22m[39m[31m[1m^[22m[
39m[31m[1m^[22m[39m[31m
[1m^[22m[39m[31m[1m^[22m
[39m[31m[1m^[22m[39m[31
m[1m^[22m[39m[31m[1m^[2
2m[39m[31m[1m^[22m[39m[
31m[1m^[22m[39m
 [90m 2 |[39m 
[36mimport[39m { 
authConfig } [36mfrom[39m 
[32m"@/lib/auth.config"[39m
 [90m 3 |[39m
 [90m 4 |[39m 
[36mconst[39m { auth } 
[33m=[39m [33mNextAuth[39
m(authConfig)[0m



https://nextjs.org/docs/messa
ges/module-not-found


./Desktop/FINAL YEAR PROJECT/
VisualizeIT_NextJs/visualize-
it/src/lib/auth.config.ts:2:1
Module not found: Can't 
resolve 
'next-auth/providers/google'
[0m [90m 1 |[39m 
[36mimport[39m type { 
[33mNextAuthConfig[39m } 
[36mfrom[39m [32m'next-aut
h'[39m[33m;[39m
[31m[1m>[22m[39m[90m 2 
|[39m [36mimport[39m 
[33mGoogleProvider[39m 
[36mfrom[39m [32m"next-aut
h/providers/google"[39m[33m
;[39m
 [90m   |[39m [31m[1m^[2
2m[39m[31m[1m^[22m[39m[
31m[1m^[22m[39m[31m[1m^
[22m[39m[31m[1m^[22m[39m
[31m[1m^[22m[39m[31m[1m
^[22m[39m[31m[1m^[22m[3
9m[31m[1m^[22m[39m[31m[
1m^[22m[39m[31m[1m^[22m
[39m[31m[1m^[22m[39m[31m
[1m^[22m[39m[31m[1m^[22
m[39m[31m[1m^[22m[39m[3
1m[1m^[22m[39m[31m[1m^[
22m[39m[31m[1m^[22m[39m
[31m[1m^[22m[39m[31m[1m^
[22m[39m[31m[1m^[22m[39
m[31m[1m^[22m[39m[31m[1
m^[22m[39m[31m[1m^[22m[
39m[31m[1m^[22m[39m[31m
[1m^[22m[39m[31m[1m^[22m
[39m[31m[1m^[22m[39m[31
m[1m^[22m[39m[31m[1m^[2
2m[39m[31m[1m^[22m[39m[
31m[1m^[22m[39m[31m[1m^
[22m[39m[31m[1m^[22m[39m
[31m[1m^[22m[39m[31m[1m
^[22m[39m[31m[1m^[22m[3
9m[31m[1m^[22m[39m[31m[
1m^[22m[39m[31m[1m^[22m
[39m[31m[1m^[22m[39m[31m
[1m^[22m[39m[31m[1m^[22
m[39m[31m[1m^[22m[39m[3
1m[1m^[22m[39m[31m[1m^[
22m[39m[31m[1m^[22m[39m
[31m[1m^[22m[39m[31m[1m^
[22m[39m[31m[1m^[22m[39
m[31m[1m^[22m[39m[31m[1
m^[22m[39m[31m[1m^[22m[
39m[31m[1m^[22m[39m[31m
[1m^[22m[39m[31m[1m^[22m
[39m
 [90m 3 |[39m
 [90m 4 |[39m 
[36mexport[39m 
[36mconst[39m authConfig 
[33m=[39m {
 [90m 5 |[39m   
providers[33m:[39m [[0m



Import traces:
  Middleware:
    ./Desktop/FINAL YEAR PROJ
ECT/VisualizeIT_NextJs/visual
ize-it/src/lib/auth.config.ts
    ./Desktop/FINAL YEAR PROJ
ECT/VisualizeIT_NextJs/visual
ize-it/src/proxy.ts

  App Route:
    ./Desktop/FINAL YEAR PROJ
ECT/VisualizeIT_NextJs/visual
ize-it/src/lib/auth.config.ts
    ./Desktop/FINAL YEAR PROJ
ECT/VisualizeIT_NextJs/visual
ize-it/src/lib/auth.ts
    ./Desktop/FINAL YEAR PROJ
ECT/VisualizeIT_NextJs/visual
ize-it/src/app/api/auth/[...n
extauth]/route.ts

  Server Component:
    ./Desktop/FINAL YEAR PROJ
ECT/VisualizeIT_NextJs/visual
ize-it/src/lib/auth.config.ts
    ./Desktop/FINAL YEAR PROJ
ECT/VisualizeIT_NextJs/visual
ize-it/src/lib/auth.ts
    ./Desktop/FINAL YEAR PROJ
ECT/VisualizeIT_NextJs/visual
ize-it/src/app/dashboard/page
.tsx

https://nextjs.org/docs/messa
ges/module-not-found


    at <unknown> 
(./Desktop/FINAL YEAR PROJECT
/VisualizeIT_NextJs/visualize
-it/src/lib/auth.ts:1:1)
    at <unknown> (https://nex
tjs.org/docs/messages/module-
not-found)
    at <unknown> 
(./Desktop/FINAL YEAR PROJECT
/VisualizeIT_NextJs/visualize
-it/src/proxy.ts:1:1)
    at <unknown> (https://nex
tjs.org/docs/messages/module-
not-found)
    at <unknown> 
(./Desktop/FINAL YEAR PROJECT
/VisualizeIT_NextJs/visualize
-it/src/lib/auth.config.ts:2:
1)
    at <unknown> (https://nex
tjs.org/docs/messages/module-
not-found)
